// Jest Snapshot v1, https://goo.gl/fbAQLP

exports[`should render the final state 1`] = `
"C - 4 - 4
M - 3 - 3
A - A - 2 - 3 - S - 4
A - B - 1 - 0 - O - 4
T - 0 - 0 - 3
A - C - 3 - 0 - N - 4
"
`;
